
> inmueblepro@0.1.0 build
> next build

  Γû▓ Next.js 14.2.18
  - Environments: .env.local

   Creating an optimized production build ...
 Γ£ô Compiled successfully
   Linting and checking validity of types ...

./components/shared/profile-form.tsx
219:19  Warning: Using `<img>` could result in slower LCP and higher bandwidth. Consider using `<Image />` from `next/image` to automatically optimize images. This may incur additional usage or cost from your provider. See: https://nextjs.org/docs/messages/no-img-element  @next/next/no-img-element

info  - Need to disable some ESLint rules? Learn more here: https://nextjs.org/docs/basic-features/eslint#disabling-rules
   Collecting page data ...
   Generating static pages (0/30) ...
   Generating static pages (7/30) 
   Generating static pages (14/30) 
   Generating static pages (22/30) 
 Γ£ô Generating static pages (30/30)
   Finalizing page optimization ...
   Collecting build traces ...

Route (app)                              Size     First Load JS
Γöî Γùï /                                    8.36 kB         161 kB
Γö£ Γùï /_not-found                          880 B          88.8 kB
Γö£ ╞Æ /api/properties                      0 B                0 B
Γö£ ╞Æ /api/properties/[slug]               0 B                0 B
Γö£ ╞Æ /api/properties/upload-images        0 B                0 B
Γö£ ╞Æ /api/user/profile                    0 B                0 B
Γö£ ╞Æ /api/user/properties                 0 B                0 B
Γö£ ╞Æ /auth/callback                       0 B                0 B
Γö£ ╞Æ /ayuda                               266 B           131 kB
Γö£ ╞Æ /ayuda/guia-agentes                  266 B           131 kB
Γö£ ╞Æ /carreras                            266 B           131 kB
Γö£ ╞Æ /contacto-comercial                  151 B           140 kB
Γö£ Γùï /cuenta                              10.3 kB         223 kB
Γö£ Γùï /dashboard                           105 kB          205 kB
Γö£ ╞Æ /empresa                             266 B           131 kB
Γö£ ╞Æ /estado-servicio                     266 B           131 kB
Γö£ Γùï /landing                             4.87 kB         106 kB
Γö£ ╞Æ /legal/cookies                       266 B           131 kB
Γö£ ╞Æ /legal/privacy                       227 B           124 kB
Γö£ ╞Æ /legal/rd-law                        266 B           131 kB
Γö£ ╞Æ /legal/terms                         266 B           131 kB
Γö£ Γùï /login                               6.76 kB         204 kB
Γö£ ╞Æ /prensa                              241 B           131 kB
Γö£ Γùï /pricing                             9.73 kB         148 kB
Γö£ ╞Æ /property/[id]                       58.2 kB         205 kB
Γö£ Γùï /publicar                            11.8 kB         113 kB
Γö£ ╞Æ /search                              6.91 kB         160 kB
Γö£ Γùï /sitemap.xml                         0 B                0 B
Γö£ ╞Æ /sobre-nosotros                      266 B           131 kB
Γöö ╞Æ /soporte                             151 B           140 kB
+ First Load JS shared by all            88 kB
  Γö£ chunks/2117-8d71e57103a7cc8e.js      31.8 kB
  Γö£ chunks/fd9d1056-70aa4c75149038d9.js  53.6 kB
  Γöö other shared chunks (total)          2.58 kB


╞Æ Middleware                             81.7 kB

Γùï  (Static)   prerendered as static content
╞Æ  (Dynamic)  server-rendered on demand

